/proj2.c resolução do projeto
/README.md enunciado do projeto
/tests/Makefile execução dos testes
/tests/test01.in primeiro teste
/tests/test02.in segundo teste
/Makefile construção do projeto
/guidelines.md orientações para a escrita do projeto
