Makefile
README.md
guidelines.md
proj2.c
tests
Makefile
test01.in
test02.in
