Makefile
README.md
guidelines.md
proj2.c
tests
Makefile
README.md
guidelines.md
proj2.c
