O8O
fOy
khS
FM4
XPE
nTG
Emx
F5S
fkq
GbM
Qt7
hir
HCN
ja6
oqd
