no data
no data
no data
no data
no data
no data
no data
1266
no data
no data
5485
no data
no data
no data
no data
no data
no data
5733
no data
no data
no data
no data
no data
4106
no data
no data
no data
no data
no data
3145
2754
no data
9717
7490
no data
no data
no data
not found
no data
no data
1278
no data
no data
no data
no data
4395
no data
no data
no data
8439
4102
no data
1840
no data
6479
no data
no data
8134
no data
3867
no data
no data
no data
no data
no data
8601
no data
no data
no data
no data
no data
no data
no data
5733
no data
no data
no data
5525
no data
no data
no data
8266
no data
418
not found
no data
no data
no data
no data
no data
no data
no data
no data
no data
no data
no data
no data
no data
no data
5679
no data
no data
no data
no data
5525
no data
4418
no data
7308
no data
no data
no data
1339
no data
5115
no data
no data
no data
no data
no data
no data
7892
2404
no data
no data
no data
no data
no data
no data
4923
no data
no data
6814
no data
no data
no data
no data
no data
no data
no data
no data
no data
no data
no data
no data
no data
8348
no data
no data
no data
not found
no data
no data
no data
no data
no data
no data
no data
7295
no data
no data
no data
no data
no data
no data
no data
no data
no data
no data
no data
no data
5953
8213
no data
no data
no data
no data
no data
1555
5263
no data
1674
no data
no data
no data
no data
no data
no data
no data
no data
no data
no data
6067
no data
9541
no data
no data
no data
1719
no data
no data
no data
no data
no data
no data
no data
1870
no data
no data
6435
9286
no data
no data
5620
no data
no data
no data
no data
32
no data
no data
6017
no data
no data
no data
no data
862
no data
no data
no data
no data
7441
no data
no data
no data
no data
no data
no data
7352
4900
no data
314
no data
no data
no data
no data
4612
no data
no data
1891
no data
no data
1910
no data
no data
no data
no data
no data
no data
no data
no data
no data
no data
no data
3600
no data
no data
no data
no data
9671
no data
2913
no data
no data
no data
no data
no data
no data
no data
no data
no data
3370
no data
6275
no data
no data
no data
no data
no data
no data
795
no data
no data
no data
no data
no data
no data
no data
no data
no data
no data
no data
no data
no data
no data
6336
4504
no data
no data
no data
no data
no data
no data
no data
no data
6558
no data
no data
no data
no data
no data
no data
4785
no data
not found
no data
no data
no data
no data
no data
no data
no data
no data
795
9764
no data
no data
no data
no data
no data
no data
no data
no data
no data
no data
4034
no data
no data
no data
no data
no data
no data
no data
no data
no data
no data
no data
no data
no data
no data
no data
no data
no data
no data
6178
no data
no data
no data
no data
no data
no data
no data
no data
no data
2133
no data
no data
no data
no data
no data
no data
no data
no data
384
no data
no data
no data
no data
no data
not found
no data
5024
no data
5051
no data
no data
no data
no data
no data
not found
no data
1511
no data
no data
no data
no data
not found
no data
no data
no data
no data
no data
no data
no data
no data
no data
no data
no data
no data
3101
no data
no data
no data
862
1638
3202
no data
no data
no data
no data
no data
no data
3053
no data
no data
no data
no data
no data
no data
no data
no data
no data
no data
no data
no data
no data
no data
no data
no data
no data
no data
no data
2791
no data
no data
5620
no data
no data
no data
4225
no data
no data
no data
no data
no data
no data
no data
no data
no data
no data
no data
no data
no data
no data
no data
not found
no data
786
no data
2900
no data
1944
no data
no data
no data
no data
no data
no data
no data
no data
9541
8097
no data
no data
no data
6558
no data
no data
no data
2568
no data
no data
no data
no data
no data
9891
no data
no data
4745
no data
no data
no data
no data
no data
no data
no data
5031
no data
no data
no data
no data
no data
no data
no data
not found
no data
no data
no data
no data
no data
no data
no data
no data
no data
1771
no data
no data
4223
1657
no data
no data
99
no data
no data
no data
no data
no data
no data
no data
no data
5115
9234
no data
no data
no data
no data
no data
no data
no data
2621
not found
no data
no data
no data
no data
no data
no data
no data
no data
no data
no data
no data
no data
no data
no data
7434
no data
no data
no data
no data
8348
2133
no data
no data
no data
8835
no data
no data
2834
no data
no data
8348
no data
no data
4296
no data
no data
no data
no data
no data
