/a 1
/a/b 1
/a/b/c 1
/a/b/c/d 1
/a/c/e 1
/b 1
/b/a 1
/b/a/d/c/a 1
/c 1
/c/a/e 1
/c/b/d 1
/d 1
/d/a/c 1
/e 1
/e/b 1
/e/b/c/d/e 1
/e/a/b 1
/e/a/b/c 1
