no data
no data
7004
no data
no data
no data
no data
no data
no data
7544
1427
no data
no data
3918
1276
no data
no data
no data
no data
no data
9804
not found
no data
no data
no data
no data
no data
no data
no data
no data
3164
no data
no data
no data
no data
no data
no data
no data
no data
795
no data
no data
no data
775
no data
655
1076
no data
no data
no data
no data
no data
no data
no data
7062
no data
no data
no data
7266
not found
3534
no data
no data
no data
no data
no data
no data
1390
no data
no data
no data
no data
no data
no data
6964
no data
no data
5662
3197
no data
7077
no data
no data
no data
no data
no data
no data
no data
no data
no data
no data
no data
no data
no data
no data
no data
no data
no data
no data
no data
no data
no data
no data
no data
no data
no data
737
no data
no data
no data
no data
no data
1869
no data
no data
2268
no data
no data
not found
1427
no data
7607
no data
3298
no data
no data
no data
no data
no data
no data
no data
8682
no data
no data
no data
no data
no data
2714
no data
no data
no data
1869
no data
no data
no data
no data
no data
2908
no data
no data
no data
no data
no data
no data
no data
no data
no data
no data
no data
no data
no data
no data
no data
no data
no data
no data
6815
no data
no data
no data
no data
no data
no data
no data
no data
7704
no data
no data
no data
no data
no data
no data
no data
no data
not found
no data
no data
no data
no data
no data
no data
1525
no data
no data
no data
no data
no data
no data
no data
no data
9251
775
no data
no data
no data
no data
9514
3317
no data
no data
no data
no data
no data
no data
no data
no data
no data
no data
6719
no data
no data
no data
no data
no data
no data
no data
no data
no data
no data
no data
no data
no data
no data
no data
2574
6032
no data
no data
no data
no data
no data
no data
no data
no data
no data
no data
no data
no data
no data
no data
no data
no data
2961
no data
no data
4636
5718
no data
no data
1427
no data
no data
no data
no data
no data
no data
no data
no data
no data
no data
no data
3210
no data
no data
no data
7862
no data
no data
no data
9959
no data
no data
5915
no data
no data
4137
no data
no data
no data
no data
no data
no data
7929
no data
no data
no data
no data
187
no data
4651
no data
no data
9386
538
no data
no data
no data
no data
862
5670
no data
no data
not found
no data
no data
no data
7892
no data
no data
no data
no data
no data
no data
no data
no data
no data
no data
no data
no data
no data
no data
no data
1791
not found
143
no data
no data
no data
1018
no data
no data
no data
no data
no data
no data
no data
160
6342
no data
1131
no data
no data
no data
9780
no data
no data
3879
no data
no data
no data
no data
8845
3298
180
no data
no data
no data
no data
no data
no data
no data
no data
no data
no data
not found
not found
no data
no data
no data
no data
no data
no data
no data
no data
no data
no data
no data
no data
no data
no data
8993
no data
no data
8473
no data
no data
no data
no data
6124
1855
no data
no data
no data
no data
no data
8743
no data
no data
no data
no data
no data
no data
no data
no data
no data
no data
1608
no data
not found
no data
no data
no data
no data
no data
no data
no data
795
no data
no data
no data
no data
429
no data
no data
2532
7253
no data
no data
no data
no data
no data
no data
no data
no data
no data
no data
no data
9922
no data
no data
no data
no data
no data
no data
no data
no data
5549
no data
no data
no data
no data
no data
8545
no data
381
no data
no data
no data
no data
no data
no data
no data
no data
no data
no data
no data
no data
4062
no data
3879
9051
not found
no data
no data
no data
no data
no data
no data
no data
7115
no data
no data
5579
7259
not found
no data
no data
no data
no data
no data
