/Home/Downloads baixaqui
/Home/Desktop/Pictures/Natal-2017 fotos do natal
/Home/Desktop/Homework nothing sus here
/users/admin administrador
/users/admin2 backup do administrador
Home
users
Home
