aabc
abc
b
hsbdguj
vbdfuys
/b/adfgdf/azdgd/dhfhj/sdghst 5
/aabc /b
/hsbdguj/dfhfhd rdfh
/vbdfuys/isdobgubf/sifbiweuf/abc 7
aabc
b
hsbdguj
vbdfuys
