no data
kKwjBkNQEvRi@cA
/inY_lpALYtG]b\J/iDjGvsFQlUvlCKE/@apMK^adAPYHdUx/fD_dhdlLq\ViAS\/kKwjBkNQEvRi@cA/]YRWp\QK@b@rhPN/jAAILASkyiGWRaq/gMRLIAK@VJ]dHOA/HttiYQvMwszjLdH 5015
/inY_lpALYtG]b\J/iDjGvsFQlUvlCKE/@apMK^adAPYHdUx/fD_dhdlLq\ViAS\/kKwjBkNQEvRi@cA/]YRWp\QK@b@rhPN/jAAILASkyiGWRaq/gMRLIAK@VJ]dHOA/HttiYQvMwszjLdH 5015
no data
L`h@HYtbgeSohiw
Tgzg_oUFEH_wqDu
inY_lpALYtG]b\J
ki`v_s`\KpAQemA
ucUVgG[v_kmTwKL
not found
not found
not found
not found
not found
not found
not found
not found
not found
not found
not found
not found
not found
