airport ABC
airport ABD
airport ABE
airport ABF
airport ABG
airport ACB
airport ACD
airport ACE
airport ACF
airport ACG
airport ADB
airport ADC
airport ADE
airport ADF
airport ADG
airport AEB
airport AEC
airport AED
airport AEF
airport AEG
ABC City Country 789
ABD City Country 789
ABE City Country 789
ABF City Country 789
ABG City Country 789
ACB City Country 789
ACD City Country 789
ACE City Country 789
ACF City Country 789
ACG City Country 789
ADB City Country 789
ADC City Country 789
ADE City Country 789
ADF City Country 789
ADG City Country 789
AEB City Country 789
AEC City Country 789
AED City Country 789
AEF City Country 789
AEG City Country 0
